EN adder NULL /home/ise/Desktop/AU-error-detection/adder.vhf sub00/vhpl02 1682201884
EN full_adder_muser_arthmetic_unit NULL /home/ise/Desktop/AU-error-detection/arthmetic_unit.vhf sub00/vhpl16 1682215811
AR full_adder_muser_arthmetic_unit behavioral /home/ise/Desktop/AU-error-detection/arthmetic_unit.vhf sub00/vhpl17 1682215812
AR adder_muser_au_error_detection behavioral /home/ise/Desktop/AU-error-detection/au_error_detection.vhf sub00/vhpl11 1682209796
AR multiplier_muser_arthmetic_unit behavioral /home/ise/Desktop/AU-error-detection/arthmetic_unit.vhf sub00/vhpl21 1682215816
AR demux4to3bit_muser_multiplier behavioral /home/ise/Desktop/AU-error-detection/multiplier.vhf sub00/vhpl25 1682215820
EN add4_mxilinx_adder NULL /home/ise/Desktop/AU-error-detection/adder.vhf sub00/vhpl00 1681242875
EN adder_muser_multiplier NULL /home/ise/Desktop/AU-error-detection/multiplier.vhf sub00/vhpl28 1682215823
AR add4_mxilinx_adder behavioral /home/ise/Desktop/AU-error-detection/adder.vhf sub00/vhpl01 1681242876
EN multiplier NULL /home/ise/Desktop/AU-error-detection/multiplier.vhf sub00/vhpl30 1682215825
AR demux4to3bit_muser_arthmetic_unit behavioral /home/ise/Desktop/AU-error-detection/arthmetic_unit.vhf sub00/vhpl15 1682215810
AR adder_muser_arthmetic_unit behavioral /home/ise/Desktop/AU-error-detection/arthmetic_unit.vhf sub00/vhpl19 1682215814
EN adder_muser_arthmetic_unit NULL /home/ise/Desktop/AU-error-detection/arthmetic_unit.vhf sub00/vhpl18 1682215813
EN arthmetic_unit NULL /home/ise/Desktop/AU-error-detection/arthmetic_unit.vhf sub00/vhpl22 1682215817
AR multiplier behavioral /home/ise/Desktop/AU-error-detection/multiplier.vhf sub00/vhpl31 1682215826
EN demux4to3bit_muser_arthmetic_unit NULL /home/ise/Desktop/AU-error-detection/arthmetic_unit.vhf sub00/vhpl14 1682215809
EN full_adder_muser_multiplier NULL /home/ise/Desktop/AU-error-detection/multiplier.vhf sub00/vhpl26 1682215821
EN full_adder NULL /home/ise/Desktop/AU-error-detection/full_adder.vhf sub00/vhpl06 1682201886
AR demux4to3bit behavioral /home/ise/Desktop/AU-error-detection/demux4to3bit.vhf sub00/vhpl33 1682215828
AR au_error_detection behavioral /home/ise/Desktop/AU-error-detection/au_error_detection.vhf sub00/vhpl13 1682209798
EN au_error_detection NULL /home/ise/Desktop/AU-error-detection/au_error_detection.vhf sub00/vhpl12 1682209797
EN demux4to3bit NULL /home/ise/Desktop/AU-error-detection/demux4to3bit.vhf sub00/vhpl32 1682215827
AR adder behavioral /home/ise/Desktop/AU-error-detection/adder.vhf sub00/vhpl03 1682201885
AR full_adder_muser_multiplier behavioral /home/ise/Desktop/AU-error-detection/multiplier.vhf sub00/vhpl27 1682215822
EN full_adder_muser_adder NULL /home/ise/Desktop/AU-error-detection/adder.vhf sub00/vhpl04 1682201882
AR full_adder behavioral /home/ise/Desktop/AU-error-detection/full_adder.vhf sub00/vhpl07 1682201887
EN adder_muser_au_error_detection NULL /home/ise/Desktop/AU-error-detection/au_error_detection.vhf sub00/vhpl10 1682209795
AR arthmetic_unit behavioral /home/ise/Desktop/AU-error-detection/arthmetic_unit.vhf sub00/vhpl23 1682215818
AR full_adder_muser_adder behavioral /home/ise/Desktop/AU-error-detection/adder.vhf sub00/vhpl05 1682201883
EN full_adder_muser_au_error_detection NULL /home/ise/Desktop/AU-error-detection/au_error_detection.vhf sub00/vhpl08 1682209793
AR adder_muser_multiplier behavioral /home/ise/Desktop/AU-error-detection/multiplier.vhf sub00/vhpl29 1682215824
AR full_adder_muser_au_error_detection behavioral /home/ise/Desktop/AU-error-detection/au_error_detection.vhf sub00/vhpl09 1682209794
EN multiplier_muser_arthmetic_unit NULL /home/ise/Desktop/AU-error-detection/arthmetic_unit.vhf sub00/vhpl20 1682215815
EN demux4to3bit_muser_multiplier NULL /home/ise/Desktop/AU-error-detection/multiplier.vhf sub00/vhpl24 1682215819
