V3 54
FL /home/ise/Desktop/AU-error-detection/adder.vhf 2023/04/22.22:17:59 P.20131013
EN work/full_adder_MUSER_adder 1682201882 \
      FL /home/ise/Desktop/AU-error-detection/adder.vhf PB ieee/std_logic_1164 1381692176 \
      PB ieee/NUMERIC_STD 1381692181 LB UNISIM PH unisim/VCOMPONENTS 1381692182
AR work/full_adder_MUSER_adder/BEHAVIORAL 1682201883 \
      FL /home/ise/Desktop/AU-error-detection/adder.vhf \
      EN work/full_adder_MUSER_adder 1682201882 CP XOR2 CP AND2 CP OR2
EN work/adder 1682201884 \
      FL /home/ise/Desktop/AU-error-detection/adder.vhf PB ieee/std_logic_1164 1381692176 \
      PB ieee/NUMERIC_STD 1381692181 LB UNISIM PH unisim/VCOMPONENTS 1381692182
AR work/adder/BEHAVIORAL 1682201885 \
      FL /home/ise/Desktop/AU-error-detection/adder.vhf EN work/adder 1682201884 \
      CP full_adder_MUSER_adder
FL /home/ise/Desktop/AU-error-detection/arthmetic_unit.vhf 2023/04/23.02:08:34 P.20131013
EN work/demux4to3bit_MUSER_arthmetic_unit 1682215809 \
      FL /home/ise/Desktop/AU-error-detection/arthmetic_unit.vhf \
      PB ieee/std_logic_1164 1381692176 PB ieee/NUMERIC_STD 1381692181 LB UNISIM \
      PH unisim/VCOMPONENTS 1381692182
AR work/demux4to3bit_MUSER_arthmetic_unit/BEHAVIORAL 1682215810 \
      FL /home/ise/Desktop/AU-error-detection/arthmetic_unit.vhf \
      EN work/demux4to3bit_MUSER_arthmetic_unit 1682215809 CP INV CP AND2
EN work/full_adder_MUSER_arthmetic_unit 1682215811 \
      FL /home/ise/Desktop/AU-error-detection/arthmetic_unit.vhf \
      PB ieee/std_logic_1164 1381692176 PB ieee/NUMERIC_STD 1381692181 LB UNISIM \
      PH unisim/VCOMPONENTS 1381692182
AR work/full_adder_MUSER_arthmetic_unit/BEHAVIORAL 1682215812 \
      FL /home/ise/Desktop/AU-error-detection/arthmetic_unit.vhf \
      EN work/full_adder_MUSER_arthmetic_unit 1682215811 CP XOR2 CP AND2 CP OR2
EN work/adder_MUSER_arthmetic_unit 1682215813 \
      FL /home/ise/Desktop/AU-error-detection/arthmetic_unit.vhf \
      PB ieee/std_logic_1164 1381692176 PB ieee/NUMERIC_STD 1381692181 LB UNISIM \
      PH unisim/VCOMPONENTS 1381692182
AR work/adder_MUSER_arthmetic_unit/BEHAVIORAL 1682215814 \
      FL /home/ise/Desktop/AU-error-detection/arthmetic_unit.vhf \
      EN work/adder_MUSER_arthmetic_unit 1682215813 \
      CP full_adder_MUSER_arthmetic_unit
EN work/multiplier_MUSER_arthmetic_unit 1682215815 \
      FL /home/ise/Desktop/AU-error-detection/arthmetic_unit.vhf \
      PB ieee/std_logic_1164 1381692176 PB ieee/NUMERIC_STD 1381692181 LB UNISIM \
      PH unisim/VCOMPONENTS 1381692182
AR work/multiplier_MUSER_arthmetic_unit/BEHAVIORAL 1682215816 \
      FL /home/ise/Desktop/AU-error-detection/arthmetic_unit.vhf \
      EN work/multiplier_MUSER_arthmetic_unit 1682215815 CP AND2 \
      CP adder_MUSER_arthmetic_unit CP INV CP demux4to3bit_MUSER_arthmetic_unit
EN work/arthmetic_unit 1682215817 \
      FL /home/ise/Desktop/AU-error-detection/arthmetic_unit.vhf \
      PB ieee/std_logic_1164 1381692176 PB ieee/NUMERIC_STD 1381692181 LB UNISIM \
      PH unisim/VCOMPONENTS 1381692182
AR work/arthmetic_unit/BEHAVIORAL 1682215818 \
      FL /home/ise/Desktop/AU-error-detection/arthmetic_unit.vhf \
      EN work/arthmetic_unit 1682215817 CP multiplier_MUSER_arthmetic_unit \
      CP MUXCY
FL /home/ise/Desktop/AU-error-detection/au_error_detection.vhf 2023/04/22.23:59:58 P.20131013
EN work/full_adder_MUSER_au_error_detection 1682209793 \
      FL /home/ise/Desktop/AU-error-detection/au_error_detection.vhf \
      PB ieee/std_logic_1164 1381692176 PB ieee/NUMERIC_STD 1381692181 LB UNISIM \
      PH unisim/VCOMPONENTS 1381692182
AR work/full_adder_MUSER_au_error_detection/BEHAVIORAL 1682209794 \
      FL /home/ise/Desktop/AU-error-detection/au_error_detection.vhf \
      EN work/full_adder_MUSER_au_error_detection 1682209793 CP XOR2 CP AND2 CP OR2
EN work/adder_MUSER_au_error_detection 1682209795 \
      FL /home/ise/Desktop/AU-error-detection/au_error_detection.vhf \
      PB ieee/std_logic_1164 1381692176 PB ieee/NUMERIC_STD 1381692181 LB UNISIM \
      PH unisim/VCOMPONENTS 1381692182
AR work/adder_MUSER_au_error_detection/BEHAVIORAL 1682209796 \
      FL /home/ise/Desktop/AU-error-detection/au_error_detection.vhf \
      EN work/adder_MUSER_au_error_detection 1682209795 \
      CP full_adder_MUSER_au_error_detection
EN work/au_error_detection 1682209797 \
      FL /home/ise/Desktop/AU-error-detection/au_error_detection.vhf \
      PB ieee/std_logic_1164 1381692176 PB ieee/NUMERIC_STD 1381692181 LB UNISIM \
      PH unisim/VCOMPONENTS 1381692182
AR work/au_error_detection/BEHAVIORAL 1682209798 \
      FL /home/ise/Desktop/AU-error-detection/au_error_detection.vhf \
      EN work/au_error_detection 1682209797 CP adder_MUSER_au_error_detection
FL /home/ise/Desktop/AU-error-detection/demux4to3bit.vhf 2023/04/23.02:08:34 P.20131013
EN work/demux4to3bit 1682215827 \
      FL /home/ise/Desktop/AU-error-detection/demux4to3bit.vhf \
      PB ieee/std_logic_1164 1381692176 PB ieee/NUMERIC_STD 1381692181 LB UNISIM \
      PH unisim/VCOMPONENTS 1381692182
AR work/demux4to3bit/BEHAVIORAL 1682215828 \
      FL /home/ise/Desktop/AU-error-detection/demux4to3bit.vhf \
      EN work/demux4to3bit 1682215827 CP INV CP AND2
FL /home/ise/Desktop/AU-error-detection/full_adder.vhf 2023/04/22.22:17:59 P.20131013
EN work/full_adder 1682201886 \
      FL /home/ise/Desktop/AU-error-detection/full_adder.vhf \
      PB ieee/std_logic_1164 1381692176 PB ieee/NUMERIC_STD 1381692181 LB UNISIM \
      PH unisim/VCOMPONENTS 1381692182
AR work/full_adder/BEHAVIORAL 1682201887 \
      FL /home/ise/Desktop/AU-error-detection/full_adder.vhf EN work/full_adder 1682201886 \
      CP XOR2 CP AND2 CP OR2
FL /home/ise/Desktop/AU-error-detection/multiplier.vhf 2023/04/23.02:08:34 P.20131013
EN work/demux4to3bit_MUSER_multiplier 1682215819 \
      FL /home/ise/Desktop/AU-error-detection/multiplier.vhf \
      PB ieee/std_logic_1164 1381692176 PB ieee/NUMERIC_STD 1381692181 LB UNISIM \
      PH unisim/VCOMPONENTS 1381692182
AR work/demux4to3bit_MUSER_multiplier/BEHAVIORAL 1682215820 \
      FL /home/ise/Desktop/AU-error-detection/multiplier.vhf \
      EN work/demux4to3bit_MUSER_multiplier 1682215819 CP INV CP AND2
EN work/full_adder_MUSER_multiplier 1682215821 \
      FL /home/ise/Desktop/AU-error-detection/multiplier.vhf \
      PB ieee/std_logic_1164 1381692176 PB ieee/NUMERIC_STD 1381692181 LB UNISIM \
      PH unisim/VCOMPONENTS 1381692182
AR work/full_adder_MUSER_multiplier/BEHAVIORAL 1682215822 \
      FL /home/ise/Desktop/AU-error-detection/multiplier.vhf \
      EN work/full_adder_MUSER_multiplier 1682215821 CP XOR2 CP AND2 CP OR2
EN work/adder_MUSER_multiplier 1682215823 \
      FL /home/ise/Desktop/AU-error-detection/multiplier.vhf \
      PB ieee/std_logic_1164 1381692176 PB ieee/NUMERIC_STD 1381692181 LB UNISIM \
      PH unisim/VCOMPONENTS 1381692182
AR work/adder_MUSER_multiplier/BEHAVIORAL 1682215824 \
      FL /home/ise/Desktop/AU-error-detection/multiplier.vhf \
      EN work/adder_MUSER_multiplier 1682215823 CP full_adder_MUSER_multiplier
EN work/multiplier 1682215825 \
      FL /home/ise/Desktop/AU-error-detection/multiplier.vhf \
      PB ieee/std_logic_1164 1381692176 PB ieee/NUMERIC_STD 1381692181 LB UNISIM \
      PH unisim/VCOMPONENTS 1381692182
AR work/multiplier/BEHAVIORAL 1682215826 \
      FL /home/ise/Desktop/AU-error-detection/multiplier.vhf EN work/multiplier 1682215825 \
      CP AND2 CP adder_MUSER_multiplier CP INV CP demux4to3bit_MUSER_multiplier
